FAIL src/tests/marketValidation.test.js
[2026-03-30 00:49:50.160 +0100] [33mWARN[39m: [36mMarket validation failed: description too short[39m
    [35mservice[39m: "stella-polymarket-api"
    [35menvironment[39m: "test"
    [35mquestion_length[39m: 15
    [35mvalidation[39m: "DESCRIPTION_TOO_SHORT"
  Market Validation
    validateMarket - Description Length
      × should reject market with description shorter than 50 characters (26 ms)
      √ should reject market with null question (4 ms)
      √ should reject market with empty question (4 ms)
      √ should reject market with whitespace-only question (4 ms)
      √ should accept market with exactly 50 characters (6 ms)
      √ should accept market with more than 50 characters (5 ms)
    validateMarket - Outcome Count
      √ should reject market with less than 2 outcomes (4 ms)
      √ should reject market with more than 5 outcomes (3 ms)
      √ should reject market with null outcomes (5 ms)
      √ should reject market with empty outcomes array (3 ms)
      √ should accept market with exactly 2 outcomes (binary) (3 ms)
      √ should accept market with 3 outcomes (7 ms)
      √ should accept market with exactly 5 outcomes (2 ms)
    validateMarket - End Date
      √ should reject market with end date in the past (6 ms)
      √ should reject market with end date more than 1 year in future (16 ms)
      √ should reject market with invalid date format (3 ms)
      √ should reject market with null end date (2 ms)
      √ should accept market with end date 1 day in future (2 ms)
      √ should accept market with end date 6 months in future (4 ms)
      √ should accept market with end date exactly 1 year in future (2 ms)
    validateMarket - Outcome Labels
      √ should reject market with empty outcome label (6 ms)
      √ should reject market with whitespace-only outcome label (5 ms)
      √ should reject market with duplicate outcome labels (case-insensitive) (2 ms)
      √ should reject market with too long outcome label (> 100 chars) (2 ms)
      √ should report multiple outcome validation errors (3 ms)
      √ should accept valid trimmed outcomes (3 ms)
    validateMarket - Duplicate Check
      √ should reject market with duplicate question (exact match) (9 ms)
      √ should reject market with duplicate question (case insensitive) (3 ms)
      √ should reject market with duplicate question (extra whitespace) (1 ms)
      √ should accept market with unique question (2 ms)
      √ should handle database errors gracefully (9 ms)
    validateMarket - Complete Valid Market
      √ should accept completely valid market (2 ms)
      √ should accept valid multi-choice market (4 ms)
    ValidationErrors Constants
      √ should have all required error codes (9 ms)
      √ should have correct status codes (3 ms)
      √ should have descriptive error messages (4 ms)

  ● Market Validation › validateMarket - Description Length › should reject market with description shorter than 50 characters

    expect(received).toBe(expected) // Object.is equality

    Expected: 16
    Received: 15

    [0m [90m 35 |[39m       expect(result[33m.[39mcode)[33m.[39mtoBe([32m'DESCRIPTION_TOO_SHORT'[39m)[33m;[39m
     [90m 36 |[39m       expect(result[33m.[39mstatusCode)[33m.[39mtoBe([35m400[39m)[33m;[39m
    [31m[1m>[22m[39m[90m 37 |[39m       expect(result[33m.[39mdetails[33m.[39mcurrentLength)[33m.[39mtoBe([35m16[39m)[33m;[39m
     [90m    |[39m                                            [31m[1m^[22m[39m
     [90m 38 |[39m       expect(result[33m.[39mdetails[33m.[39mrequiredLength)[33m.[39mtoBe([35m50[39m)[33m;[39m
     [90m 39 |[39m     })[33m;[39m
     [90m 40 |[39m[0m

      at Object.toBe (src/tests/marketValidation.test.js:37:44)

[2026-03-30 00:49:50.252 +0100] [33mWARN[39m: [36mMarket validation failed: description too short[39m
    [35mservice[39m: "stella-polymarket-api"
    [35menvironment[39m: "test"
    [35mquestion_length[39m: 0
    [35mvalidation[39m: "DESCRIPTION_TOO_SHORT"
[2026-03-30 00:49:50.257 +0100] [33mWARN[39m: [36mMarket validation failed: description too short[39m
    [35mservice[39m: "stella-polymarket-api"
    [35menvironment[39m: "test"
    [35mquestion_length[39m: 0
    [35mvalidation[39m: "DESCRIPTION_TOO_SHORT"
[2026-03-30 00:49:50.263 +0100] [33mWARN[39m: [36mMarket validation failed: description too short[39m
    [35mservice[39m: "stella-polymarket-api"
    [35menvironment[39m: "test"
    [35mquestion_length[39m: 5
    [35mvalidation[39m: "DESCRIPTION_TOO_SHORT"
[2026-03-30 00:49:50.280 +0100] [33mWARN[39m: [36mMarket validation failed: invalid outcome count[39m
    [35mservice[39m: "stella-polymarket-api"
    [35menvironment[39m: "test"
    [35moutcome_count[39m: 1
    [35mvalidation[39m: "INVALID_OUTCOME_COUNT"
[2026-03-30 00:49:50.286 +0100] [33mWARN[39m: [36mMarket validation failed: invalid outcome count[39m
    [35mservice[39m: "stella-polymarket-api"
    [35menvironment[39m: "test"
    [35moutcome_count[39m: 6
    [35mvalidation[39m: "INVALID_OUTCOME_COUNT"
[2026-03-30 00:49:50.293 +0100] [33mWARN[39m: [36mMarket validation failed: invalid outcome count[39m
    [35mservice[39m: "stella-polymarket-api"
    [35menvironment[39m: "test"
    [35moutcome_count[39m: 0
    [35mvalidation[39m: "INVALID_OUTCOME_COUNT"
[2026-03-30 00:49:50.298 +0100] [33mWARN[39m: [36mMarket validation failed: invalid outcome count[39m
    [35mservice[39m: "stella-polymarket-api"
    [35menvironment[39m: "test"
    [35moutcome_count[39m: 0
    [35mvalidation[39m: "INVALID_OUTCOME_COUNT"
[2026-03-30 00:49:50.319 +0100] [33mWARN[39m: [36mMarket validation failed: invalid end date[39m
    [35mservice[39m: "stella-polymarket-api"
    [35menvironment[39m: "test"
    [35mend_date[39m: "2026-03-28T23:49:50.319Z"
    [35mparsed_date[39m: "2026-03-28T23:49:50.319Z"
    [35mvalidation[39m: "INVALID_END_DATE"
[2026-03-30 00:49:50.335 +0100] [33mWARN[39m: [36mMarket validation failed: invalid end date[39m
    [35mservice[39m: "stella-polymarket-api"
    [35menvironment[39m: "test"
    [35mend_date[39m: "2027-03-30T23:49:50.335Z"
    [35mparsed_date[39m: "2027-03-30T23:49:50.335Z"
    [35mvalidation[39m: "INVALID_END_DATE"
[2026-03-30 00:49:50.340 +0100] [33mWARN[39m: [36mMarket validation failed: invalid end date[39m
    [35mservice[39m: "stella-polymarket-api"
    [35menvironment[39m: "test"
    [35mend_date[39m: "not-a-valid-date"
    [35mparsed_date[39m: "Invalid Date"
    [35mvalidation[39m: "INVALID_END_DATE"
[2026-03-30 00:49:50.344 +0100] [33mWARN[39m: [36mMarket validation failed: invalid end date[39m
    [35mservice[39m: "stella-polymarket-api"
    [35menvironment[39m: "test"
    [35mend_date[39m: null
    [35mparsed_date[39m: "1970-01-01T00:00:00.000Z"
    [35mvalidation[39m: "INVALID_END_DATE"
[2026-03-30 00:49:50.359 +0100] [33mWARN[39m: [36mMarket validation failed: invalid outcomes[39m
    [35mservice[39m: "stella-polymarket-api"
    [35menvironment[39m: "test"
    [35moutcome_errors[39m: {
      "outcomes[1]": "cannot be empty"
    }
    [35mvalidation[39m: "INVALID_OUTCOMES"
[2026-03-30 00:49:50.366 +0100] [33mWARN[39m: [36mMarket validation failed: invalid outcomes[39m
    [35mservice[39m: "stella-polymarket-api"
    [35menvironment[39m: "test"
    [35moutcome_errors[39m: {
      "outcomes[1]": "cannot be empty"
    }
    [35mvalidation[39m: "INVALID_OUTCOMES"
[2026-03-30 00:49:50.371 +0100] [33mWARN[39m: [36mMarket validation failed: invalid outcomes[39m
    [35mservice[39m: "stella-polymarket-api"
    [35menvironment[39m: "test"
    [35moutcome_errors[39m: {
      "outcomes[2]": "must be unique"
    }
    [35mvalidation[39m: "INVALID_OUTCOMES"
[2026-03-30 00:49:50.378 +0100] [33mWARN[39m: [36mMarket validation failed: invalid outcomes[39m
    [35mservice[39m: "stella-polymarket-api"
    [35menvironment[39m: "test"
    [35moutcome_errors[39m: {
      "outcomes[1]": "cannot exceed 100 characters"
    }
    [35mvalidation[39m: "INVALID_OUTCOMES"
[2026-03-30 00:49:50.380 +0100] [33mWARN[39m: [36mMarket validation failed: invalid outcomes[39m
    [35mservice[39m: "stella-polymarket-api"
    [35menvironment[39m: "test"
    [35moutcome_errors[39m: {
      "outcomes[0]": "cannot be empty",
      "outcomes[2]": "must be unique"
    }
    [35mvalidation[39m: "INVALID_OUTCOMES"
[2026-03-30 00:49:50.388 +0100] [33mWARN[39m: [36mMarket validation failed: duplicate market[39m
    [35mservice[39m: "stella-polymarket-api"
    [35menvironment[39m: "test"
    [35mquestion[39m: "Will Bitcoin reach $100,000 by the end of 2026? This is a test market."
    [35mexisting_market_id[39m: 123
    [35mvalidation[39m: "DUPLICATE_MARKET"
[2026-03-30 00:49:50.401 +0100] [33mWARN[39m: [36mMarket validation failed: duplicate market[39m
    [35mservice[39m: "stella-polymarket-api"
    [35menvironment[39m: "test"
    [35mquestion[39m: "WILL BITCOIN REACH $100,000 BY THE END OF 2026? THIS IS A TEST MARKET."
    [35mexisting_market_id[39m: 456
    [35mvalidation[39m: "DUPLICATE_MARKET"
[2026-03-30 00:49:50.403 +0100] [33mWARN[39m: [36mMarket validation failed: duplicate market[39m
    [35mservice[39m: "stella-polymarket-api"
    [35menvironment[39m: "test"
    [35mquestion[39m: "  Will Bitcoin reach $100,000 by the end of 2026? This is a test market.  "
    [35mexisting_market_id[39m: 789
    [35mvalidation[39m: "DUPLICATE_MARKET"
[2026-03-30 00:49:50.407 +0100] [31mERROR[39m: [36mError checking for duplicate markets[39m
    [35mservice[39m: "stella-polymarket-api"
    [35menvironment[39m: "test"
    [35mquestion[39m: "Will this market cause a database error during duplicate check?"
    err: {
      "type": "Error",
      "message": "Database connection failed",
      "stack":
          Error: Database connection failed
              at Object.<anonymous> (C:\Users\Samsung\Desktop\drpsss4\Stellar-PolyMarket\backend\src\tests\marketValidation.test.js:481:34)
              at Promise.finally.completed (C:\Users\Samsung\Desktop\drpsss4\Stellar-PolyMarket\node_modules\jest\node_modules\jest-circus\build\jestAdapterInit.js:1557:28)
              at new Promise (<anonymous>)
              at callAsyncCircusFn (C:\Users\Samsung\Desktop\drpsss4\Stellar-PolyMarket\node_modules\jest\node_modules\jest-circus\build\jestAdapterInit.js:1497:10)
              at _callCircusTest (C:\Users\Samsung\Desktop\drpsss4\Stellar-PolyMarket\node_modules\jest\node_modules\jest-circus\build\jestAdapterInit.js:1007:40)
              at processTicksAndRejections (node:internal/process/task_queues:105:5)
              at _runTest (C:\Users\Samsung\Desktop\drpsss4\Stellar-PolyMarket\node_modules\jest\node_modules\jest-circus\build\jestAdapterInit.js:947:3)
              at C:\Users\Samsung\Desktop\drpsss4\Stellar-PolyMarket\node_modules\jest\node_modules\jest-circus\build\jestAdapterInit.js:849:7
              at _runTestsForDescribeBlock (C:\Users\Samsung\Desktop\drpsss4\Stellar-PolyMarket\node_modules\jest\node_modules\jest-circus\build\jestAdapterInit.js:862:11)
              at _runTestsForDescribeBlock (C:\Users\Samsung\Desktop\drpsss4\Stellar-PolyMarket\node_modules\jest\node_modules\jest-circus\build\jestAdapterInit.js:857:11)
              at _runTestsForDescribeBlock (C:\Users\Samsung\Desktop\drpsss4\Stellar-PolyMarket\node_modules\jest\node_modules\jest-circus\build\jestAdapterInit.js:857:11)
              at run (C:\Users\Samsung\Desktop\drpsss4\Stellar-PolyMarket\node_modules\jest\node_modules\jest-circus\build\jestAdapterInit.js:761:3)
              at runAndTransformResultsToJestFormat (C:\Users\Samsung\Desktop\drpsss4\Stellar-PolyMarket\node_modules\jest\node_modules\jest-circus\build\jestAdapterInit.js:1918:21)
              at jestAdapter (C:\Users\Samsung\Desktop\drpsss4\Stellar-PolyMarket\node_modules\jest\node_modules\jest-circus\build\runner.js:101:19)
              at runTestInternal (C:\Users\Samsung\Desktop\drpsss4\Stellar-PolyMarket\node_modules\jest\node_modules\jest-runner\build\index.js:275:16)
              at runTest (C:\Users\Samsung\Desktop\drpsss4\Stellar-PolyMarket\node_modules\jest\node_modules\jest-runner\build\index.js:343:7)
    }
Test Suites: 1 failed, 1 total
Tests:       1 failed, 35 passed, 36 total
Snapshots:   0 total
Time:        2.776 s, estimated 5 s
Ran all test suites matching src/tests/marketValidation.test.js.
